cargo :     Finished `test` 
profile [unoptimized + 
debuginfo] target(s) in 1.29s
At line:1 char:1
+ cargo test --workspace 
2>&1 | tee test_output.txt
+ ~~~~~~~~~~~~~~~~~~~~~~~~~~~
    + CategoryInfo           
   : NotSpecified: (    Fin  
  ished `t...get(s) in 1.2   
 9s:String) [], RemoteExc    
eption
    + FullyQualifiedErrorId  
   : NativeCommandError
 
     Running unittests 
src\lib.rs (target\debug\deps
\zero_crypto-72f6b02a6d2d9950
.exe)

running 3 tests
test dh::tests::test_dh_exchange ... ok
test kem::tests::test_ml_kem_768_round_trip ... ok
test kem::tests::test_ml_kem_768_wrong_key_fails ... ok

test result: ok. 3 passed; 0 failed; 0 ignored; 0 measured; 0 filtered out; finished in 0.05s

     Running unittests 
src\lib.rs (target\debug\deps
\zero_dht-6bdc847f979ced2f.ex
e)

running 10 tests
test kbucket::tests::test_add_and_retrieve ... ok
test kbucket::tests::test_dedup_moves_to_back ... ok
test kbucket::tests::test_bucket_full ... ok
test kbucket::tests::test_remove_node ... ok
test routing_table::tests::test_self_not_added ... ok
test routing_table::tests::test_add_and_find ... ok
test routing_table::tests::test_closest_nodes_sorted ... ok
test node_record::tests::test_wrong_key_fails ... ok
test node_record::tests::test_record_sign_verify ... ok
test node_record::tests::test_encrypt_decrypt_record ... ok

test result: ok. 10 passed; 0 failed; 0 ignored; 0 measured; 0 filtered out; finished in 0.02s

     Running unittests 
src\lib.rs (target\debug\deps
\zero_groups-67d5e53625c9dd9b
.exe)

running 0 tests

test result: ok. 0 passed; 0 failed; 0 ignored; 0 measured; 0 filtered out; finished in 0.00s

     Running unittests 
src\lib.rs (target\debug\deps
\zero_handshake-1a9907e25e857
4a3.exe)

running 2 tests
test noise::tests::test_noise_xx_full_handshake ... ok
test x3dh::tests::test_zkx_master_secrets_match ... ok

test result: ok. 2 passed; 0 failed; 0 ignored; 0 measured; 0 filtered out; finished in 0.15s

     Running unittests 
src\lib.rs (target\debug\deps
\zero_identity-2655d93d5a0179
94.exe)

running 18 tests
test encoding::tests::test_encode_decode_roundtrip ... ok
test encoding::tests::test_invalid_character_fails ... ok
test encoding::tests::test_74_byte_roundtrip ... ok
test encoding::tests::test_known_vector ... ok
test prekey::tests::test_opk_consume_once ... ok
test zeroid::tests::test_encode_decode_roundtrip ... ok
test keypair::tests::test_generate_identity ... ok
test zeroid::tests::test_isk_pub_matches_keypair ... ok
test prekey::tests::test_spk_signature_verifies ... ok
test keypair::tests::test_two_identities_differ ... ok
test zeroid::tests::test_tampered_id_fails_checksum ... ok
test zeroid::tests::test_two_ids_differ ... ok
test prekey::tests::test_spk_wrong_isk_fails ... ok
test prekey::tests::test_opk_batch_size ... ok
test prekey::tests::test_opk_indices_sequential ... ok
test bundle::tests::test_bundle_cbor_roundtrip ... ok
test bundle::tests::test_spk_rotation ... ok
test bundle::tests::test_bundle_verify ... ok

test result: ok. 18 passed; 0 failed; 0 ignored; 0 measured; 0 filtered out; finished in 0.12s

     Running unittests 
src\lib.rs (target\debug\deps
\zero_protocol-45746c26723f70
a5.exe)

running 0 tests

test result: ok. 0 passed; 0 failed; 0 ignored; 0 measured; 0 filtered out; finished in 0.00s

     Running 
tests\e2e_offline_zsf.rs (tar
get\debug\deps\e2e_offline_zs
f-a006b58dae859856.exe)

running 1 test
test e2e_zkx_to_zr_to_zsf_offline_delivery ... ok

test result: ok. 1 passed; 0 failed; 0 ignored; 0 measured; 0 filtered out; finished in 37.73s

     Running unittests 
src\lib.rs (target\debug\deps
\zero_ratchet-f65edf2a21848b8
1.exe)

running 1 test
test state::tests::test_zr_encrypt_decrypt_roundtrip ... ok

test result: ok. 1 passed; 0 failed; 0 ignored; 0 measured; 0 filtered out; finished in 0.01s

     Running unittests 
src\lib.rs (target\debug\deps
\zero_relay-f01fbfd53e0789ea.
exe)

running 0 tests

test result: ok. 0 passed; 0 failed; 0 ignored; 0 measured; 0 filtered out; finished in 0.00s

     Running unittests 
src\lib.rs (target\debug\deps
\zero_store_forward-3cd70fef3
9e38e6e.exe)

running 5 tests
test pow::tests::test_pow_generate_verify ... ok
test envelope::tests::test_zsf_outer_tamper_fails ... ok
test envelope::tests::test_zsf_invalid_pow_rejected ... ok
test envelope::tests::test_zsf_wrong_relay_key_fails ... ok
test envelope::tests::test_zsf_envelope_outer_inner_roundtrip ... ok

test result: ok. 5 passed; 0 failed; 0 ignored; 0 measured; 0 filtered out; finished in 37.30s

     Running unittests 
src\lib.rs (target\debug\deps
\zero_transport-d94d8fd64901c
517.exe)

running 0 tests

test result: ok. 0 passed; 0 failed; 0 ignored; 0 measured; 0 filtered out; finished in 0.00s

     Running 
tests\quic_loopback_wire.rs (
target\debug\deps\quic_loopba
ck_wire-3616a73a7447997f.exe)

running 1 test
test quic_loopback_sends_and_receives_framed_packet ... ok

test result: ok. 1 passed; 0 failed; 0 ignored; 0 measured; 0 filtered out; finished in 0.02s

     Running tests\tcp_tls_lo
opback_wire.rs (target\debug\
deps\tcp_tls_loopback_wire-5c
4c45ec010ce3d7.exe)

running 1 test
test tcp_tls_loopback_sends_and_receives_framed_packet ... ok

test result: ok. 1 passed; 0 failed; 0 ignored; 0 measured; 0 filtered out; finished in 0.02s

     Running unittests 
src\lib.rs (target\debug\deps
\zero_wire-c47246007258aacc.e
xe)

running 1 test
test replay::tests::test_replay_cache_rejects_replay ... ok

test result: ok. 1 passed; 0 failed; 0 ignored; 0 measured; 0 filtered out; finished in 0.00s

   Doc-tests zero_crypto

running 0 tests

test result: ok. 0 passed; 0 failed; 0 ignored; 0 measured; 0 filtered out; finished in 0.00s

   Doc-tests zero_dht

running 0 tests

test result: ok. 0 passed; 0 failed; 0 ignored; 0 measured; 0 filtered out; finished in 0.00s

   Doc-tests zero_groups

running 0 tests

test result: ok. 0 passed; 0 failed; 0 ignored; 0 measured; 0 filtered out; finished in 0.00s

   Doc-tests zero_handshake

running 0 tests

test result: ok. 0 passed; 0 failed; 0 ignored; 0 measured; 0 filtered out; finished in 0.00s

   Doc-tests zero_identity

running 0 tests

test result: ok. 0 passed; 0 failed; 0 ignored; 0 measured; 0 filtered out; finished in 0.00s

   Doc-tests zero_protocol

running 0 tests

test result: ok. 0 passed; 0 failed; 0 ignored; 0 measured; 0 filtered out; finished in 0.00s

   Doc-tests zero_ratchet

running 0 tests

test result: ok. 0 passed; 0 failed; 0 ignored; 0 measured; 0 filtered out; finished in 0.00s

   Doc-tests zero_relay

running 0 tests

test result: ok. 0 passed; 0 failed; 0 ignored; 0 measured; 0 filtered out; finished in 0.00s

   Doc-tests 
zero_store_forward

running 0 tests

test result: ok. 0 passed; 0 failed; 0 ignored; 0 measured; 0 filtered out; finished in 0.00s

   Doc-tests zero_transport

running 0 tests

test result: ok. 0 passed; 0 failed; 0 ignored; 0 measured; 0 filtered out; finished in 0.00s

   Doc-tests zero_wire

running 0 tests

test result: ok. 0 passed; 0 failed; 0 ignored; 0 measured; 0 filtered out; finished in 0.00s

